ALERT START
Priority:  4
Info:      test rule [1]
Log:       test
Traits:
                         format : unknown
                 source_program : ctguard-logscan
                       hostname : unittest
                  source_domain : input.log
                        control : false
                   time_scanned : Thu Jan  1 01:00:00 1970 CET
                      time_send : Thu Jan  1 01:00:01 1970 CET
ALERT END

ALERT START
Priority:  4
Info:      test rule [1]
Log:       test2
Traits:
                         format : unknown
                 source_program : ctguard-logscan
                       hostname : unittest
                  source_domain : input.log
                        control : false
                   time_scanned : Thu Jan  1 01:00:00 1970 CET
                      time_send : Thu Jan  1 01:00:01 1970 CET
ALERT END

ALERT START
Priority:  4
Info:      test rule [1]
Log:       test
Traits:
                         format : unknown
                 source_program : ctguard-logscan
                       hostname : unittest
                  source_domain : input.log
                        control : false
                   time_scanned : Thu Jan  1 01:00:00 1970 CET
                      time_send : Thu Jan  1 01:00:01 1970 CET
ALERT END

ALERT START
Priority:  8
Info:      No test2 after test [3]
Log:       test
Traits:
                         format : unknown
                 source_program : ctguard-logscan
                       hostname : unittest
                  source_domain : input.log
                        control : false
                   time_scanned : Thu Jan  1 01:00:00 1970 CET
                      time_send : Thu Jan  1 01:00:01 1970 CET
ALERT END

