ALERT START
Priority:  4
Info:      test rule [1]
Log:       test
Traits:
                        control : false
                         format : unknown
                       hostname : unittest
                  source_domain : input.log
                 source_program : ctguard-logscan
                   time_scanned : Thu Jan  1 00:00:00 1970 UTC
                      time_send : Thu Jan  1 00:00:01 1970 UTC
ALERT END

ALERT START
Priority:  4
Info:      test rule [1]
Log:       test2
Traits:
                        control : false
                         format : unknown
                       hostname : unittest
                  source_domain : input.log
                 source_program : ctguard-logscan
                   time_scanned : Thu Jan  1 00:00:00 1970 UTC
                      time_send : Thu Jan  1 00:00:01 1970 UTC
ALERT END

ALERT START
Priority:  4
Info:      test rule [1]
Log:       test
Traits:
                        control : false
                         format : unknown
                       hostname : unittest
                  source_domain : input.log
                 source_program : ctguard-logscan
                   time_scanned : Thu Jan  1 00:00:00 1970 UTC
                      time_send : Thu Jan  1 00:00:01 1970 UTC
ALERT END

ALERT START
Priority:  8
Info:      No test2 after test [3]
Log:       test
Traits:
                        control : false
                         format : unknown
                       hostname : unittest
                  source_domain : input.log
                 source_program : ctguard-logscan
                   time_scanned : Thu Jan  1 00:00:00 1970 UTC
                      time_send : Thu Jan  1 00:00:01 1970 UTC
ALERT END

